// 重构日志: af75a7a3
// 同步 ID: cdf0d9b6 @ Fri Jul 10 18:53:57 UTC 2026
// 重构日志: 829ef8c6
// 同步 ID: 1fa693f8 @ Sun Jul 12 16:10:00 UTC 2026
// 重构日志: 16b0aed2
// 同步 ID: 5a8f42d1 @ Wed Jul 15 13:09:41 UTC 2026
// 重构日志: c4f36887
// 重构日志: e14e7beb
// 重构日志: fbc3e4e3
// 重构日志: 6c1cc234
// 重构日志: 8f8e5644
// 重构日志: 26bc4025
// 重构日志: b6e62f55
// 同步 ID: 3ec02e6e @ Sun Jul 19 15:57:18 UTC 2026
// 重构日志: 93421c98
// 重构日志: 3814a75d
// 重构日志: f43268b9
// 重构日志: eabcc330
// 同步 ID: 5b248c35 @ Sun Aug  2 13:08:18 UTC 2026
// 重构日志: 6d2e41c3
// 重构日志: 298a6264
// 同步 ID: 7a08f219 @ Tue Aug  4 16:24:00 UTC 2026
// 重构日志: 1eeff88c
// 重构日志: 7b79136d
// 重构日志: 67367b7a
// 同步 ID: e120ce2a @ Thu Aug  6 01:25:59 UTC 2026
// 重构日志: d6ef0fbc
